/home/qoka/qoka_envs/bio/bin/hisat2-align-s version 2.2.3
samtools 1.24
### 1. 결과 폴더 준비 ###
### 1b. FASTQ를 공백 없는 로컬 경로로 복사 (hisat2 래퍼가 경로 내 공백을 잘못 파싱하는 문제 회피) ###
### 2. 참조 서열 압축 해제 ###
### 3. hisat2 인덱스 생성 ###
Building DifferenceCoverSample
  Building sPrime
  Building sPrimeOrder
  V-Sorting samples
  V-Sorting samples time: 00:00:00
  Allocating rank array
  Ranking v-sort output
  Ranking v-sort output time: 00:00:00
  Invoking Larsson-Sadakane on ranks
  Invoking Larsson-Sadakane on ranks time: 00:00:00
  Sanity-checking and returning
Building samples
Reserving space for 12 sample suffixes
Generating random suffixes
QSorting 12 sample offsets, eliminating duplicates
QSorting sample offsets, eliminating duplicates time: 00:00:00
Multikey QSorting 12 samples
  (Using difference cover)
  Multikey QSorting samples time: 00:00:00
Calculating bucket sizes
Splitting and merging
  Splitting and merging time: 00:00:00
Split 1, merged 5; iterating...
Splitting and merging
  Splitting and merging time: 00:00:00
Split 1, merged 1; iterating...
Splitting and merging
  Splitting and merging time: 00:00:00
Avg bucket size: 49999.1 (target: 74999)
Getting block 1 of 8
  Reserving size (75000) for bucket 1
  Calculating Z arrays for bucket 1
  Entering block accumulator loop for bucket 1:
  bucket 1: 10%
  bucket 1: 20%
  bucket 1: 30%
  bucket 1: 40%
  bucket 1: 50%
  bucket 1: 60%
  bucket 1: 70%
  bucket 1: 80%
  bucket 1: 90%
  bucket 1: 100%
  Sorting block of length 65156 for bucket 1
  (Using difference cover)
  Sorting block time: 00:00:00
Returning block of 65157 for bucket 1
Getting block 2 of 8
  Reserving size (75000) for bucket 2
  Calculating Z arrays for bucket 2
  Entering block accumulator loop for bucket 2:
  bucket 2: 10%
  bucket 2: 20%
  bucket 2: 30%
  bucket 2: 40%
  bucket 2: 50%
  bucket 2: 60%
  bucket 2: 70%
  bucket 2: 80%
  bucket 2: 90%
  bucket 2: 100%
  Sorting block of length 54897 for bucket 2
  (Using difference cover)
  Sorting block time: 00:00:00
Returning block of 54898 for bucket 2
Getting block 3 of 8
  Reserving size (75000) for bucket 3
  Calculating Z arrays for bucket 3
  Entering block accumulator loop for bucket 3:
  bucket 3: 10%
  bucket 3: 20%
  bucket 3: 30%
  bucket 3: 40%
  bucket 3: 50%
  bucket 3: 60%
  bucket 3: 70%
  bucket 3: 80%
  bucket 3: 90%
  bucket 3: 100%
  Sorting block of length 22848 for bucket 3
  (Using difference cover)
  Sorting block time: 00:00:00
Returning block of 22849 for bucket 3
Getting block 4 of 8
  Reserving size (75000) for bucket 4
  Calculating Z arrays for bucket 4
  Entering block accumulator loop for bucket 4:
  bucket 4: 10%
  bucket 4: 20%
  bucket 4: 30%
  bucket 4: 40%
  bucket 4: 50%
  bucket 4: 60%
  bucket 4: 70%
  bucket 4: 80%
  bucket 4: 90%
  bucket 4: 100%
  Sorting block of length 53789 for bucket 4
  (Using difference cover)
  Sorting block time: 00:00:00
Returning block of 53790 for bucket 4
Getting block 5 of 8
  Reserving size (75000) for bucket 5
  Calculating Z arrays for bucket 5
  Entering block accumulator loop for bucket 5:
  bucket 5: 10%
  bucket 5: 20%
  bucket 5: 30%
  bucket 5: 40%
  bucket 5: 50%
  bucket 5: 60%
  bucket 5: 70%
  bucket 5: 80%
  bucket 5: 90%
  bucket 5: 100%
  Sorting block of length 49467 for bucket 5
  (Using difference cover)
  Sorting block time: 00:00:00
Returning block of 49468 for bucket 5
Getting block 6 of 8
  Reserving size (75000) for bucket 6
  Calculating Z arrays for bucket 6
  Entering block accumulator loop for bucket 6:
  bucket 6: 10%
  bucket 6: 20%
  bucket 6: 30%
  bucket 6: 40%
  bucket 6: 50%
  bucket 6: 60%
  bucket 6: 70%
  bucket 6: 80%
  bucket 6: 90%
  bucket 6: 100%
  Sorting block of length 72269 for bucket 6
  (Using difference cover)
  Sorting block time: 00:00:00
Returning block of 72270 for bucket 6
Getting block 7 of 8
  Reserving size (75000) for bucket 7
  Calculating Z arrays for bucket 7
  Entering block accumulator loop for bucket 7:
  bucket 7: 10%
  bucket 7: 20%
  bucket 7: 30%
  bucket 7: 40%
  bucket 7: 50%
  bucket 7: 60%
  bucket 7: 70%
  bucket 7: 80%
  bucket 7: 90%
  bucket 7: 100%
  Sorting block of length 61705 for bucket 7
  (Using difference cover)
  Sorting block time: 00:00:00
Returning block of 61706 for bucket 7
Getting block 8 of 8
  Reserving size (75000) for bucket 8
  Calculating Z arrays for bucket 8
  Entering block accumulator loop for bucket 8:
  bucket 8: 10%
  bucket 8: 20%
  bucket 8: 30%
  bucket 8: 40%
  bucket 8: 50%
  bucket 8: 60%
  bucket 8: 70%
  bucket 8: 80%
  bucket 8: 90%
  bucket 8: 100%
  Sorting block of length 19862 for bucket 8
  (Using difference cover)
  Sorting block time: 00:00:00
Returning block of 19863 for bucket 8
### 4. 네 샘플 정렬 -> 위치순 정렬(sort) -> 인덱싱(index) ###
### 결과 파일 ###
total 2924
drwxrwxrwx 1 hjji hjji   4096 Oct  8 09:52 .
drwxrwxrwx 1 hjji hjji   4096 Oct  8 09:52 ..
-rwxrwxrwx 1 hjji hjji 663287 Oct  8 09:52 1_control.sorted.bam
-rwxrwxrwx 1 hjji hjji   5800 Oct  8 09:52 1_control.sorted.bam.bai
-rwxrwxrwx 1 hjji hjji 687395 Oct  8 09:52 1_treated.sorted.bam
-rwxrwxrwx 1 hjji hjji   5848 Oct  8 09:52 1_treated.sorted.bam.bai
-rwxrwxrwx 1 hjji hjji 816281 Oct  8 09:52 2_control.sorted.bam
-rwxrwxrwx 1 hjji hjji   5872 Oct  8 09:52 2_control.sorted.bam.bai
-rwxrwxrwx 1 hjji hjji 788169 Oct  8 09:52 2_treated.sorted.bam
-rwxrwxrwx 1 hjji hjji   5936 Oct  8 09:52 2_treated.sorted.bam.bai
### flagstat ###
--- 1_control ---
14194 + 0 in total (QC-passed reads + QC-failed reads)
14194 + 0 primary
0 + 0 secondary
0 + 0 supplementary
0 + 0 duplicates
0 + 0 primary duplicates
13982 + 0 mapped (98.51% : N/A)
13982 + 0 primary mapped (98.51% : N/A)
14194 + 0 paired in sequencing
7097 + 0 read1
7097 + 0 read2
13812 + 0 properly paired (97.31% : N/A)
13812 + 0 with itself and mate mapped
170 + 0 singletons (1.20% : N/A)
0 + 0 with mate mapped to a different chr
0 + 0 with mate mapped to a different chr (mapQ>=5)
--- 1_treated ---
14336 + 0 in total (QC-passed reads + QC-failed reads)
14336 + 0 primary
0 + 0 secondary
0 + 0 supplementary
0 + 0 duplicates
0 + 0 primary duplicates
14059 + 0 mapped (98.07% : N/A)
14059 + 0 primary mapped (98.07% : N/A)
14336 + 0 paired in sequencing
7168 + 0 read1
7168 + 0 read2
13848 + 0 properly paired (96.60% : N/A)
13854 + 0 with itself and mate mapped
205 + 0 singletons (1.43% : N/A)
0 + 0 with mate mapped to a different chr
0 + 0 with mate mapped to a different chr (mapQ>=5)
--- 2_control ---
16959 + 0 in total (QC-passed reads + QC-failed reads)
16956 + 0 primary
3 + 0 secondary
0 + 0 supplementary
0 + 0 duplicates
0 + 0 primary duplicates
16710 + 0 mapped (98.53% : N/A)
16707 + 0 primary mapped (98.53% : N/A)
16956 + 0 paired in sequencing
8478 + 0 read1
8478 + 0 read2
16474 + 0 properly paired (97.16% : N/A)
16480 + 0 with itself and mate mapped
227 + 0 singletons (1.34% : N/A)
0 + 0 with mate mapped to a different chr
0 + 0 with mate mapped to a different chr (mapQ>=5)
--- 2_treated ---
15028 + 0 in total (QC-passed reads + QC-failed reads)
15028 + 0 primary
0 + 0 secondary
0 + 0 supplementary
0 + 0 duplicates
0 + 0 primary duplicates
14752 + 0 mapped (98.16% : N/A)
14752 + 0 primary mapped (98.16% : N/A)
15028 + 0 paired in sequencing
7514 + 0 read1
7514 + 0 read2
14486 + 0 properly paired (96.39% : N/A)
14492 + 0 with itself and mate mapped
260 + 0 singletons (1.73% : N/A)
0 + 0 with mate mapped to a different chr
0 + 0 with mate mapped to a different chr (mapQ>=5)
